<?xml version="1.0" encoding="utf-8"?><testsuites><testsuite name="pytest" errors="0" failures="0" skipped="0" tests="4" time="2.973" timestamp="2026-07-15T16:44:56.701252" hostname="CNBST-190"><testcase classname="tests.api.test_api.TestBatchPipeline" name="test_should_failed_invalid_date" time="0.025" /><testcase classname="tests.api.test_api.TestBatchPipeline" name="test_should_failed_unknown_product" time="0.003" /><testcase classname="tests.api.test_api.TestBatchPipeline" name="test_should_get_health" time="0.005" /><testcase classname="tests.api.test_api.TestBatchPipeline" name="test_should_get_predict" time="0.549" /></testsuite></testsuites>